// Jest Snapshot v1, https://goo.gl/fbAQLP

exports[` 1`] = `
<footer
  className="footer"
  data-test="FooterComponent"
  id="contact"
>
  <div
    className="footer__main col-sm-auto fade-in-bottom"
  >
    <ul
      className="d-flex flex-row justify-content-center mb-4"
      data-test="SocialComponent"
    >
      <li
        className="pl-2 pr-2"
      >
        <a
          aria-label="display a brand icon"
          href="https://github.com/KevinSnijders"
          rel="noopener noreferrer"
          target="_blank"
        >
          <svg
            className="icon icon-github-square-brands "
            data-test="IconComponent"
          >
            <use
              xlinkHref="#icon-github-square-brands"
            />
          </svg>
        </a>
      </li>
      <li
        className="pl-2 pr-2"
      >
        <a
          aria-label="display a brand icon"
          href="https://nl.linkedin.com/in/kevin-snijders-7822a3105"
          rel="noopener noreferrer"
          target="_blank"
        >
          <svg
            className="icon icon-linkedin-brands "
            data-test="IconComponent"
          >
            <use
              xlinkHref="#icon-linkedin-brands"
            />
          </svg>
        </a>
      </li>
    </ul>
    <p
      className="footer__copyright"
    >
      Kevin Snijders Â© 
      2019
       all rights reserved
    </p>
    <div
      className="footer__back-to-top"
    >
      <a
        aria-label="click here to scroll back to the top"
        href="#top"
      >
        <svg
          className="icon icon-keyboard_arrow_up bounce"
          data-test="IconComponent"
        >
          <use
            xlinkHref="#icon-keyboard_arrow_up"
          />
        </svg>
      </a>
    </div>
  </div>
</footer>
`;
